[INFO] Scanning for projects...
[INFO] 
[INFO] -----------------------< com.ticketbox:backend >------------------------
[INFO] Building backend 0.0.1-SNAPSHOT
[INFO]   from pom.xml
[INFO] --------------------------------[ jar ]---------------------------------
[INFO] 
[INFO] --- resources:3.3.1:resources (default-resources) @ backend ---
[INFO] Copying 1 resource from src/main/resources to target/classes
[INFO] Copying 1 resource from src/main/resources to target/classes
[INFO] 
[INFO] --- compiler:3.11.0:compile (default-compile) @ backend ---
[INFO] Nothing to compile - all classes are up to date
[INFO] 
[INFO] >>> spring-boot:3.2.4:run (default-cli) > test-compile @ backend >>>
[INFO] 
[INFO] --- resources:3.3.1:resources (default-resources) @ backend ---
[INFO] Copying 1 resource from src/main/resources to target/classes
[INFO] Copying 1 resource from src/main/resources to target/classes
[INFO] 
[INFO] --- compiler:3.11.0:compile (default-compile) @ backend ---
[INFO] Nothing to compile - all classes are up to date
[INFO] 
[INFO] --- resources:3.3.1:testResources (default-testResources) @ backend ---
[INFO] skip non existing resourceDirectory /home/daonguyennguyen/Documents/code/softwareDesign/final_project/clone/ticketbox/apps/backend/src/test/resources
[INFO] 
[INFO] --- compiler:3.11.0:testCompile (default-testCompile) @ backend ---
[INFO] Nothing to compile - all classes are up to date
[INFO] 
[INFO] <<< spring-boot:3.2.4:run (default-cli) < test-compile @ backend <<<
[INFO] 
[INFO] 
[INFO] --- spring-boot:3.2.4:run (default-cli) @ backend ---
[INFO] Attaching agents: []
Standard Commons Logging discovery in action with spring-jcl: please remove commons-logging.jar from classpath in order to avoid potential conflicts

  .   ____          _            __ _ _
 /\\ / ___'_ __ _ _(_)_ __  __ _ \ \ \ \
( ( )\___ | '_ | '_| | '_ \/ _` | \ \ \ \
 \\/  ___)| |_)| | | | | || (_| |  ) ) ) )
  '  |____| .__|_| |_|_| |_\__, | / / / /
 =========|_|==============|___/=/_/_/_/
 :: Spring Boot ::                (v3.2.4)

2026-06-09T14:04:49.916+07:00  INFO 36126 --- [ticketbox-backend] [           main] com.ticketbox.backend.Application        : Starting Application using Java 17.0.18 with PID 36126 (/home/daonguyennguyen/Documents/code/softwareDesign/final_project/clone/ticketbox/apps/backend/target/classes started by daonguyennguyen in /home/daonguyennguyen/Documents/code/softwareDesign/final_project/clone/ticketbox/apps/backend)
2026-06-09T14:04:49.920+07:00  INFO 36126 --- [ticketbox-backend] [           main] com.ticketbox.backend.Application        : No active profile set, falling back to 1 default profile: "default"
2026-06-09T14:04:52.314+07:00  INFO 36126 --- [ticketbox-backend] [           main] .s.d.r.c.RepositoryConfigurationDelegate : Multiple Spring Data modules found, entering strict repository configuration mode
2026-06-09T14:04:52.316+07:00  INFO 36126 --- [ticketbox-backend] [           main] .s.d.r.c.RepositoryConfigurationDelegate : Bootstrapping Spring Data JPA repositories in DEFAULT mode.
2026-06-09T14:04:52.537+07:00  INFO 36126 --- [ticketbox-backend] [           main] .s.d.r.c.RepositoryConfigurationDelegate : Finished Spring Data repository scanning in 209 ms. Found 8 JPA repository interfaces.
2026-06-09T14:04:52.557+07:00  INFO 36126 --- [ticketbox-backend] [           main] .s.d.r.c.RepositoryConfigurationDelegate : Multiple Spring Data modules found, entering strict repository configuration mode
2026-06-09T14:04:52.559+07:00  INFO 36126 --- [ticketbox-backend] [           main] .s.d.r.c.RepositoryConfigurationDelegate : Bootstrapping Spring Data Redis repositories in DEFAULT mode.
2026-06-09T14:04:52.580+07:00  INFO 36126 --- [ticketbox-backend] [           main] .RepositoryConfigurationExtensionSupport : Spring Data Redis - Could not safely identify store assignment for repository candidate interface com.ticketbox.backend.repository.ArtistRepository; If you want this repository to be a Redis repository, consider annotating your entities with one of these annotations: org.springframework.data.redis.core.RedisHash (preferred), or consider extending one of the following types with your repository: org.springframework.data.keyvalue.repository.KeyValueRepository
2026-06-09T14:04:52.581+07:00  INFO 36126 --- [ticketbox-backend] [           main] .RepositoryConfigurationExtensionSupport : Spring Data Redis - Could not safely identify store assignment for repository candidate interface com.ticketbox.backend.repository.ConcertRepository; If you want this repository to be a Redis repository, consider annotating your entities with one of these annotations: org.springframework.data.redis.core.RedisHash (preferred), or consider extending one of the following types with your repository: org.springframework.data.keyvalue.repository.KeyValueRepository
2026-06-09T14:04:52.582+07:00  INFO 36126 --- [ticketbox-backend] [           main] .RepositoryConfigurationExtensionSupport : Spring Data Redis - Could not safely identify store assignment for repository candidate interface com.ticketbox.backend.repository.GuestRepository; If you want this repository to be a Redis repository, consider annotating your entities with one of these annotations: org.springframework.data.redis.core.RedisHash (preferred), or consider extending one of the following types with your repository: org.springframework.data.keyvalue.repository.KeyValueRepository
2026-06-09T14:04:52.582+07:00  INFO 36126 --- [ticketbox-backend] [           main] .RepositoryConfigurationExtensionSupport : Spring Data Redis - Could not safely identify store assignment for repository candidate interface com.ticketbox.backend.repository.OrderItemRepository; If you want this repository to be a Redis repository, consider annotating your entities with one of these annotations: org.springframework.data.redis.core.RedisHash (preferred), or consider extending one of the following types with your repository: org.springframework.data.keyvalue.repository.KeyValueRepository
2026-06-09T14:04:52.583+07:00  INFO 36126 --- [ticketbox-backend] [           main] .RepositoryConfigurationExtensionSupport : Spring Data Redis - Could not safely identify store assignment for repository candidate interface com.ticketbox.backend.repository.OrderRepository; If you want this repository to be a Redis repository, consider annotating your entities with one of these annotations: org.springframework.data.redis.core.RedisHash (preferred), or consider extending one of the following types with your repository: org.springframework.data.keyvalue.repository.KeyValueRepository
2026-06-09T14:04:52.583+07:00  INFO 36126 --- [ticketbox-backend] [           main] .RepositoryConfigurationExtensionSupport : Spring Data Redis - Could not safely identify store assignment for repository candidate interface com.ticketbox.backend.repository.TicketCategoryRepository; If you want this repository to be a Redis repository, consider annotating your entities with one of these annotations: org.springframework.data.redis.core.RedisHash (preferred), or consider extending one of the following types with your repository: org.springframework.data.keyvalue.repository.KeyValueRepository
2026-06-09T14:04:52.584+07:00  INFO 36126 --- [ticketbox-backend] [           main] .RepositoryConfigurationExtensionSupport : Spring Data Redis - Could not safely identify store assignment for repository candidate interface com.ticketbox.backend.repository.TicketRepository; If you want this repository to be a Redis repository, consider annotating your entities with one of these annotations: org.springframework.data.redis.core.RedisHash (preferred), or consider extending one of the following types with your repository: org.springframework.data.keyvalue.repository.KeyValueRepository
2026-06-09T14:04:52.584+07:00  INFO 36126 --- [ticketbox-backend] [           main] .RepositoryConfigurationExtensionSupport : Spring Data Redis - Could not safely identify store assignment for repository candidate interface com.ticketbox.backend.repository.UserRepository; If you want this repository to be a Redis repository, consider annotating your entities with one of these annotations: org.springframework.data.redis.core.RedisHash (preferred), or consider extending one of the following types with your repository: org.springframework.data.keyvalue.repository.KeyValueRepository
2026-06-09T14:04:52.584+07:00  INFO 36126 --- [ticketbox-backend] [           main] .s.d.r.c.RepositoryConfigurationDelegate : Finished Spring Data repository scanning in 15 ms. Found 0 Redis repository interfaces.
2026-06-09T14:04:54.838+07:00  INFO 36126 --- [ticketbox-backend] [           main] o.s.b.w.embedded.tomcat.TomcatWebServer  : Tomcat initialized with port 8088 (http)
2026-06-09T14:04:54.862+07:00  INFO 36126 --- [ticketbox-backend] [           main] o.apache.catalina.core.StandardService   : Starting service [Tomcat]
2026-06-09T14:04:54.862+07:00  INFO 36126 --- [ticketbox-backend] [           main] o.apache.catalina.core.StandardEngine    : Starting Servlet engine: [Apache Tomcat/10.1.19]
2026-06-09T14:04:54.976+07:00  INFO 36126 --- [ticketbox-backend] [           main] o.a.c.c.C.[Tomcat].[localhost].[/]       : Initializing Spring embedded WebApplicationContext
2026-06-09T14:04:54.978+07:00  INFO 36126 --- [ticketbox-backend] [           main] w.s.c.ServletWebServerApplicationContext : Root WebApplicationContext: initialization completed in 4967 ms
Standard Commons Logging discovery in action with spring-jcl: please remove commons-logging.jar from classpath in order to avoid potential conflicts
2026-06-09T14:04:56.045+07:00  INFO 36126 --- [ticketbox-backend] [           main] o.hibernate.jpa.internal.util.LogHelper  : HHH000204: Processing PersistenceUnitInfo [name: default]
2026-06-09T14:04:56.102+07:00  INFO 36126 --- [ticketbox-backend] [           main] org.hibernate.Version                    : HHH000412: Hibernate ORM core version 6.4.4.Final
2026-06-09T14:04:56.144+07:00  INFO 36126 --- [ticketbox-backend] [           main] o.h.c.internal.RegionFactoryInitiator    : HHH000026: Second-level cache disabled
2026-06-09T14:04:56.403+07:00  INFO 36126 --- [ticketbox-backend] [           main] o.s.o.j.p.SpringPersistenceUnitInfo      : No LoadTimeWeaver setup: ignoring JPA class transformer
2026-06-09T14:04:56.436+07:00  INFO 36126 --- [ticketbox-backend] [           main] com.zaxxer.hikari.HikariDataSource       : HikariPool-1 - Starting...
2026-06-09T14:04:56.743+07:00  INFO 36126 --- [ticketbox-backend] [           main] com.zaxxer.hikari.pool.HikariPool        : HikariPool-1 - Added connection org.postgresql.jdbc.PgConnection@3ebc6d8b
2026-06-09T14:04:56.745+07:00  INFO 36126 --- [ticketbox-backend] [           main] com.zaxxer.hikari.HikariDataSource       : HikariPool-1 - Start completed.
2026-06-09T14:04:56.815+07:00  WARN 36126 --- [ticketbox-backend] [           main] org.hibernate.orm.deprecation            : HHH90000025: PostgreSQLDialect does not need to be specified explicitly using 'hibernate.dialect' (remove the property setting and it will be selected by default)
2026-06-09T14:04:58.390+07:00  INFO 36126 --- [ticketbox-backend] [           main] o.h.e.t.j.p.i.JtaPlatformInitiator       : HHH000489: No JTA platform available (set 'hibernate.transaction.jta.platform' to enable JTA platform integration)
2026-06-09T14:04:58.721+07:00  INFO 36126 --- [ticketbox-backend] [           main] j.LocalContainerEntityManagerFactoryBean : Initialized JPA EntityManagerFactory for persistence unit 'default'
2026-06-09T14:05:00.988+07:00  INFO 36126 --- [ticketbox-backend] [           main] o.s.d.j.r.query.QueryEnhancerFactory     : Hibernate is in classpath; If applicable, HQL parser will be used.
2026-06-09T14:05:04.387+07:00  WARN 36126 --- [ticketbox-backend] [           main] JpaBaseConfiguration$JpaWebConfiguration : spring.jpa.open-in-view is enabled by default. Therefore, database queries may be performed during view rendering. Explicitly configure spring.jpa.open-in-view to disable this warning
2026-06-09T14:05:05.287+07:00  INFO 36126 --- [ticketbox-backend] [           main] o.s.b.a.e.web.EndpointLinksResolver      : Exposing 1 endpoint(s) beneath base path '/actuator'
2026-06-09T14:05:05.606+07:00  INFO 36126 --- [ticketbox-backend] [           main] o.s.s.web.DefaultSecurityFilterChain     : Will secure any request with [org.springframework.security.web.session.DisableEncodeUrlFilter@194a8a09, org.springframework.security.web.context.request.async.WebAsyncManagerIntegrationFilter@796f34dd, org.springframework.security.web.context.SecurityContextHolderFilter@7cba7745, org.springframework.security.web.header.HeaderWriterFilter@6ffd0408, org.springframework.web.filter.CorsFilter@6a2711b, org.springframework.security.web.authentication.logout.LogoutFilter@3f5b2857, com.ticketbox.backend.security.JwtAuthenticationFilter@76140ca5, com.ticketbox.backend.security.ratelimit.RateLimitFilter@1a6aecec, org.springframework.security.web.savedrequest.RequestCacheAwareFilter@3ae4336, org.springframework.security.web.servletapi.SecurityContextHolderAwareRequestFilter@7a540616, org.springframework.security.web.authentication.AnonymousAuthenticationFilter@1865249c, org.springframework.security.web.session.SessionManagementFilter@50ddab03, org.springframework.security.web.access.ExceptionTranslationFilter@414331e4, org.springframework.security.web.access.intercept.AuthorizationFilter@4bc757c1]
2026-06-09T14:05:08.654+07:00  INFO 36126 --- [ticketbox-backend] [           main] o.s.b.w.embedded.tomcat.TomcatWebServer  : Tomcat started on port 8088 (http) with context path ''
2026-06-09T14:05:08.660+07:00  INFO 36126 --- [ticketbox-backend] [           main] o.s.a.r.c.CachingConnectionFactory       : Attempting to connect to: [localhost:5672]
2026-06-09T14:05:08.725+07:00  INFO 36126 --- [ticketbox-backend] [           main] o.s.a.r.c.CachingConnectionFactory       : Created new connection: rabbitConnectionFactory#4dca87cb:0/SimpleConnection@7d793aa0 [delegate=amqp://ticketbox@127.0.0.1:5672/, localPort=48850]
2026-06-09T14:05:08.878+07:00  INFO 36126 --- [ticketbox-backend] [           main] com.ticketbox.backend.Application        : Started Application in 19.627 seconds (process running for 20.142)
2026-06-09T14:05:08.943+07:00  INFO 36126 --- [ticketbox-backend] [           main] com.ticketbox.backend.E2ETestRunner      : ====================================
2026-06-09T14:05:08.943+07:00  INFO 36126 --- [ticketbox-backend] [           main] com.ticketbox.backend.E2ETestRunner      : STARTING E2E EMAIL VERIFICATION
2026-06-09T14:05:08.943+07:00  INFO 36126 --- [ticketbox-backend] [           main] com.ticketbox.backend.E2ETestRunner      : ====================================
Hibernate: 
    select
        u1_0.id,
        u1_0.email,
        u1_0.password,
        u1_0.role,
        u1_0.username 
    from
        users u1_0 
    where
        u1_0.email=?
Hibernate: 
    insert 
    into
        concerts
        (cancelled_status, description, end_time, location, name, sale_start_time, start_time) 
    values
        (?, ?, ?, ?, ?, ?, ?)
Hibernate: 
    insert 
    into
        ticket_categories
        (available_quantity, concert_id, max_per_user, name, price, total_quantity, version) 
    values
        (?, ?, ?, ?, ?, ?, ?)
2026-06-09T14:05:09.208+07:00  INFO 36126 --- [ticketbox-backend] [           main] com.ticketbox.backend.E2ETestRunner      : Triggering real purchase...
Hibernate: 
    select
        tc1_0.id,
        tc1_0.available_quantity,
        tc1_0.concert_id,
        tc1_0.max_per_user,
        tc1_0.name,
        tc1_0.price,
        tc1_0.total_quantity,
        tc1_0.version 
    from
        ticket_categories tc1_0 
    where
        tc1_0.id=? for no key update
Hibernate: 
    select
        c1_0.id,
        a1_0.concert_id,
        a1_1.id,
        a1_1.avatar_url,
        a1_1.bio,
        a1_1.name,
        c1_0.cancelled_status,
        c1_0.description,
        c1_0.end_time,
        c1_0.location,
        c1_0.name,
        c1_0.sale_start_time,
        c1_0.start_time 
    from
        concerts c1_0 
    left join
        concert_artists a1_0 
            on c1_0.id=a1_0.concert_id 
    left join
        artists a1_1 
            on a1_1.id=a1_0.artist_id 
    where
        c1_0.id=?
Hibernate: 
    select
        count(t1_0.id) 
    from
        tickets t1_0 
    join
        orders o2_0 
            on o2_0.id=t1_0.order_id 
    where
        t1_0.owner_id=? 
        and t1_0.category_id=? 
        and o2_0.status=?
Hibernate: 
    insert 
    into
        orders
        (created_at, email_status, idempotency_key, status, total_amount, user_id) 
    values
        (?, ?, ?, ?, ?, ?)
Hibernate: 
    insert 
    into
        order_items
        (order_id, price, quantity, ticket_category_id) 
    values
        (?, ?, ?, ?)
Hibernate: 
    update
        ticket_categories 
    set
        available_quantity=?,
        concert_id=?,
        max_per_user=?,
        name=?,
        price=?,
        total_quantity=?,
        version=? 
    where
        id=? 
        and version=?
Hibernate: 
    update
        orders 
    set
        created_at=?,
        email_status=?,
        idempotency_key=?,
        status=?,
        total_amount=?,
        user_id=? 
    where
        id=?
2026-06-09T14:05:09.381+07:00  INFO 36126 --- [ticketbox-backend] [           main] c.t.b.s.impl.MockPaymentGatewayService   : Processing payment for Order: 535 with amount: 100.00
2026-06-09T14:05:10.835+07:00  INFO 36126 --- [ticketbox-backend] [           main] c.t.b.s.impl.MockPaymentGatewayService   : Payment successful for Order: 535. Transaction ID: TX-5D8AA567
Hibernate: 
    select
        o1_0.id,
        o1_0.created_at,
        o1_0.email_status,
        o1_0.idempotency_key,
        o1_0.status,
        o1_0.total_amount,
        o1_0.user_id 
    from
        orders o1_0 
    where
        o1_0.id=?
Hibernate: 
    select
        tc1_0.id,
        tc1_0.available_quantity,
        tc1_0.concert_id,
        tc1_0.max_per_user,
        tc1_0.name,
        tc1_0.price,
        tc1_0.total_quantity,
        tc1_0.version 
    from
        ticket_categories tc1_0 
    where
        tc1_0.id=?
Hibernate: 
    insert 
    into
        tickets
        (category_id, created_at, order_id, owner_id, qr_code, status, ticket_type) 
    values
        (?, ?, ?, ?, ?, ?, ?)
Hibernate: 
    update
        orders 
    set
        created_at=?,
        email_status=?,
        idempotency_key=?,
        status=?,
        total_amount=?,
        user_id=? 
    where
        id=?
2026-06-09T14:05:10.939+07:00  INFO 36126 --- [ticketbox-backend] [           main] com.ticketbox.backend.E2ETestRunner      : Order created successfully: ID = 535, EmailStatus = PENDING
2026-06-09T14:05:10.939+07:00  INFO 36126 --- [ticketbox-backend] [           main] com.ticketbox.backend.E2ETestRunner      : Waiting for RabbitMQ and Resend API to process...
Hibernate: 
    select
        o1_0.id,
        o1_0.created_at,
        o1_0.email_status,
        o1_0.idempotency_key,
        o1_0.status,
        o1_0.total_amount,
        o1_0.user_id 
    from
        orders o1_0 
    where
        o1_0.id=?
2026-06-09T14:05:11.945+07:00  INFO 36126 --- [ticketbox-backend] [           main] com.ticketbox.backend.E2ETestRunner      : EmailStatus transitioned to: SENT
Hibernate: 
    select
        o1_0.id,
        o1_0.created_at,
        o1_0.email_status,
        o1_0.idempotency_key,
        o1_0.status,
        o1_0.total_amount,
        o1_0.user_id 
    from
        orders o1_0 
    where
        o1_0.id=?
2026-06-09T14:05:11.949+07:00  INFO 36126 --- [ticketbox-backend] [           main] com.ticketbox.backend.E2ETestRunner      : FINAL ORDER EMAIL STATUS: SENT
2026-06-09T14:05:11.949+07:00  INFO 36126 --- [ticketbox-backend] [           main] com.ticketbox.backend.E2ETestRunner      : ====================================
2026-06-09T14:05:11.949+07:00  INFO 36126 --- [ticketbox-backend] [           main] com.ticketbox.backend.E2ETestRunner      : Waiting 5s for async logs to flush...
2026-06-09T14:05:16.957+07:00  INFO 36126 --- [ticketbox-backend] [ntContainer#0-2] o.s.a.r.l.SimpleMessageListenerContainer : Waiting for workers to finish.
2026-06-09T14:05:16.964+07:00  INFO 36126 --- [ticketbox-backend] [ntContainer#1-4] o.s.a.r.l.SimpleMessageListenerContainer : Waiting for workers to finish.
2026-06-09T14:05:16.969+07:00  INFO 36126 --- [ticketbox-backend] [ntContainer#2-4] o.s.a.r.l.SimpleMessageListenerContainer : Waiting for workers to finish.
2026-06-09T14:05:17.804+07:00  INFO 36126 --- [ticketbox-backend] [ntContainer#0-2] o.s.a.r.l.SimpleMessageListenerContainer : Successfully waited for workers to finish.
2026-06-09T14:05:17.829+07:00  INFO 36126 --- [ticketbox-backend] [ntContainer#1-4] o.s.a.r.l.SimpleMessageListenerContainer : Successfully waited for workers to finish.
2026-06-09T14:05:17.859+07:00  INFO 36126 --- [ticketbox-backend] [ntContainer#2-4] o.s.a.r.l.SimpleMessageListenerContainer : Successfully waited for workers to finish.
2026-06-09T14:05:18.019+07:00  INFO 36126 --- [ticketbox-backend] [ionShutdownHook] j.LocalContainerEntityManagerFactoryBean : Closing JPA EntityManagerFactory for persistence unit 'default'
2026-06-09T14:05:18.023+07:00  INFO 36126 --- [ticketbox-backend] [ionShutdownHook] com.zaxxer.hikari.HikariDataSource       : HikariPool-1 - Shutdown initiated...
2026-06-09T14:05:18.035+07:00  INFO 36126 --- [ticketbox-backend] [ionShutdownHook] com.zaxxer.hikari.HikariDataSource       : HikariPool-1 - Shutdown completed.
[INFO] ------------------------------------------------------------------------
[INFO] BUILD SUCCESS
[INFO] ------------------------------------------------------------------------
[INFO] Total time:  33.300 s
[INFO] Finished at: 2026-06-09T14:05:18+07:00
[INFO] ------------------------------------------------------------------------
