[INFO] Scanning for projects...
[INFO] 
[INFO] -----------------------< com.ticketbox:backend >------------------------
[INFO] Building backend 0.0.1-SNAPSHOT
[INFO]   from pom.xml
[INFO] --------------------------------[ jar ]---------------------------------
[INFO] 
[INFO] --- resources:3.3.1:resources (default-resources) @ backend ---
[INFO] Copying 1 resource from src/main/resources to target/classes
[INFO] Copying 1 resource from src/main/resources to target/classes
[INFO] 
[INFO] --- compiler:3.11.0:compile (default-compile) @ backend ---
[INFO] Changes detected - recompiling the module! :input tree
[INFO] Compiling 104 source files with javac [debug release 17] to target/classes
[WARNING] /home/daonguyennguyen/Documents/code/softwareDesign/final_project/clone/ticketbox/apps/backend/src/main/java/com/ticketbox/backend/entity/TicketCategory.java:[38,21] @Builder will ignore the initializing expression entirely. If you want the initializing expression to serve as default, add @Builder.Default. If it is not supposed to be settable during building, make the field final.
[INFO] /home/daonguyennguyen/Documents/code/softwareDesign/final_project/clone/ticketbox/apps/backend/src/main/java/com/ticketbox/backend/worker/csv/CsvImportService.java: /home/daonguyennguyen/Documents/code/softwareDesign/final_project/clone/ticketbox/apps/backend/src/main/java/com/ticketbox/backend/worker/csv/CsvImportService.java uses or overrides a deprecated API.
[INFO] /home/daonguyennguyen/Documents/code/softwareDesign/final_project/clone/ticketbox/apps/backend/src/main/java/com/ticketbox/backend/worker/csv/CsvImportService.java: Recompile with -Xlint:deprecation for details.
[INFO] 
[INFO] >>> spring-boot:3.2.4:run (default-cli) > test-compile @ backend >>>
[INFO] 
[INFO] --- resources:3.3.1:resources (default-resources) @ backend ---
[INFO] Copying 1 resource from src/main/resources to target/classes
[INFO] Copying 1 resource from src/main/resources to target/classes
[INFO] 
[INFO] --- compiler:3.11.0:compile (default-compile) @ backend ---
[INFO] Nothing to compile - all classes are up to date
[INFO] 
[INFO] --- resources:3.3.1:testResources (default-testResources) @ backend ---
[INFO] skip non existing resourceDirectory /home/daonguyennguyen/Documents/code/softwareDesign/final_project/clone/ticketbox/apps/backend/src/test/resources
[INFO] 
[INFO] --- compiler:3.11.0:testCompile (default-testCompile) @ backend ---
[INFO] Changes detected - recompiling the module! :dependency
[INFO] Compiling 10 source files with javac [debug release 17] to target/test-classes
[INFO] 
[INFO] <<< spring-boot:3.2.4:run (default-cli) < test-compile @ backend <<<
[INFO] 
[INFO] 
[INFO] --- spring-boot:3.2.4:run (default-cli) @ backend ---
[INFO] Attaching agents: []
Standard Commons Logging discovery in action with spring-jcl: please remove commons-logging.jar from classpath in order to avoid potential conflicts

  .   ____          _            __ _ _
 /\\ / ___'_ __ _ _(_)_ __  __ _ \ \ \ \
( ( )\___ | '_ | '_| | '_ \/ _` | \ \ \ \
 \\/  ___)| |_)| | | | | || (_| |  ) ) ) )
  '  |____| .__|_| |_|_| |_\__, | / / / /
 =========|_|==============|___/=/_/_/_/
 :: Spring Boot ::                (v3.2.4)

2026-06-09T14:15:48.160+07:00  INFO 40148 --- [ticketbox-backend] [           main] com.ticketbox.backend.Application        : Starting Application using Java 17.0.18 with PID 40148 (/home/daonguyennguyen/Documents/code/softwareDesign/final_project/clone/ticketbox/apps/backend/target/classes started by daonguyennguyen in /home/daonguyennguyen/Documents/code/softwareDesign/final_project/clone/ticketbox/apps/backend)
2026-06-09T14:15:48.167+07:00  INFO 40148 --- [ticketbox-backend] [           main] com.ticketbox.backend.Application        : No active profile set, falling back to 1 default profile: "default"
2026-06-09T14:15:51.863+07:00  INFO 40148 --- [ticketbox-backend] [           main] .s.d.r.c.RepositoryConfigurationDelegate : Multiple Spring Data modules found, entering strict repository configuration mode
2026-06-09T14:15:51.866+07:00  INFO 40148 --- [ticketbox-backend] [           main] .s.d.r.c.RepositoryConfigurationDelegate : Bootstrapping Spring Data JPA repositories in DEFAULT mode.
2026-06-09T14:15:52.088+07:00  INFO 40148 --- [ticketbox-backend] [           main] .s.d.r.c.RepositoryConfigurationDelegate : Finished Spring Data repository scanning in 205 ms. Found 8 JPA repository interfaces.
2026-06-09T14:15:52.108+07:00  INFO 40148 --- [ticketbox-backend] [           main] .s.d.r.c.RepositoryConfigurationDelegate : Multiple Spring Data modules found, entering strict repository configuration mode
2026-06-09T14:15:52.110+07:00  INFO 40148 --- [ticketbox-backend] [           main] .s.d.r.c.RepositoryConfigurationDelegate : Bootstrapping Spring Data Redis repositories in DEFAULT mode.
2026-06-09T14:15:52.132+07:00  INFO 40148 --- [ticketbox-backend] [           main] .RepositoryConfigurationExtensionSupport : Spring Data Redis - Could not safely identify store assignment for repository candidate interface com.ticketbox.backend.repository.ArtistRepository; If you want this repository to be a Redis repository, consider annotating your entities with one of these annotations: org.springframework.data.redis.core.RedisHash (preferred), or consider extending one of the following types with your repository: org.springframework.data.keyvalue.repository.KeyValueRepository
2026-06-09T14:15:52.133+07:00  INFO 40148 --- [ticketbox-backend] [           main] .RepositoryConfigurationExtensionSupport : Spring Data Redis - Could not safely identify store assignment for repository candidate interface com.ticketbox.backend.repository.ConcertRepository; If you want this repository to be a Redis repository, consider annotating your entities with one of these annotations: org.springframework.data.redis.core.RedisHash (preferred), or consider extending one of the following types with your repository: org.springframework.data.keyvalue.repository.KeyValueRepository
2026-06-09T14:15:52.134+07:00  INFO 40148 --- [ticketbox-backend] [           main] .RepositoryConfigurationExtensionSupport : Spring Data Redis - Could not safely identify store assignment for repository candidate interface com.ticketbox.backend.repository.GuestRepository; If you want this repository to be a Redis repository, consider annotating your entities with one of these annotations: org.springframework.data.redis.core.RedisHash (preferred), or consider extending one of the following types with your repository: org.springframework.data.keyvalue.repository.KeyValueRepository
2026-06-09T14:15:52.136+07:00  INFO 40148 --- [ticketbox-backend] [           main] .RepositoryConfigurationExtensionSupport : Spring Data Redis - Could not safely identify store assignment for repository candidate interface com.ticketbox.backend.repository.OrderItemRepository; If you want this repository to be a Redis repository, consider annotating your entities with one of these annotations: org.springframework.data.redis.core.RedisHash (preferred), or consider extending one of the following types with your repository: org.springframework.data.keyvalue.repository.KeyValueRepository
2026-06-09T14:15:52.137+07:00  INFO 40148 --- [ticketbox-backend] [           main] .RepositoryConfigurationExtensionSupport : Spring Data Redis - Could not safely identify store assignment for repository candidate interface com.ticketbox.backend.repository.OrderRepository; If you want this repository to be a Redis repository, consider annotating your entities with one of these annotations: org.springframework.data.redis.core.RedisHash (preferred), or consider extending one of the following types with your repository: org.springframework.data.keyvalue.repository.KeyValueRepository
2026-06-09T14:15:52.137+07:00  INFO 40148 --- [ticketbox-backend] [           main] .RepositoryConfigurationExtensionSupport : Spring Data Redis - Could not safely identify store assignment for repository candidate interface com.ticketbox.backend.repository.TicketCategoryRepository; If you want this repository to be a Redis repository, consider annotating your entities with one of these annotations: org.springframework.data.redis.core.RedisHash (preferred), or consider extending one of the following types with your repository: org.springframework.data.keyvalue.repository.KeyValueRepository
2026-06-09T14:15:52.138+07:00  INFO 40148 --- [ticketbox-backend] [           main] .RepositoryConfigurationExtensionSupport : Spring Data Redis - Could not safely identify store assignment for repository candidate interface com.ticketbox.backend.repository.TicketRepository; If you want this repository to be a Redis repository, consider annotating your entities with one of these annotations: org.springframework.data.redis.core.RedisHash (preferred), or consider extending one of the following types with your repository: org.springframework.data.keyvalue.repository.KeyValueRepository
2026-06-09T14:15:52.138+07:00  INFO 40148 --- [ticketbox-backend] [           main] .RepositoryConfigurationExtensionSupport : Spring Data Redis - Could not safely identify store assignment for repository candidate interface com.ticketbox.backend.repository.UserRepository; If you want this repository to be a Redis repository, consider annotating your entities with one of these annotations: org.springframework.data.redis.core.RedisHash (preferred), or consider extending one of the following types with your repository: org.springframework.data.keyvalue.repository.KeyValueRepository
2026-06-09T14:15:52.138+07:00  INFO 40148 --- [ticketbox-backend] [           main] .s.d.r.c.RepositoryConfigurationDelegate : Finished Spring Data repository scanning in 16 ms. Found 0 Redis repository interfaces.
2026-06-09T14:15:53.826+07:00  INFO 40148 --- [ticketbox-backend] [           main] o.s.b.w.embedded.tomcat.TomcatWebServer  : Tomcat initialized with port 8080 (http)
2026-06-09T14:15:53.840+07:00  INFO 40148 --- [ticketbox-backend] [           main] o.apache.catalina.core.StandardService   : Starting service [Tomcat]
2026-06-09T14:15:53.841+07:00  INFO 40148 --- [ticketbox-backend] [           main] o.apache.catalina.core.StandardEngine    : Starting Servlet engine: [Apache Tomcat/10.1.19]
2026-06-09T14:15:53.916+07:00  INFO 40148 --- [ticketbox-backend] [           main] o.a.c.c.C.[Tomcat].[localhost].[/]       : Initializing Spring embedded WebApplicationContext
2026-06-09T14:15:53.917+07:00  INFO 40148 --- [ticketbox-backend] [           main] w.s.c.ServletWebServerApplicationContext : Root WebApplicationContext: initialization completed in 5654 ms
Standard Commons Logging discovery in action with spring-jcl: please remove commons-logging.jar from classpath in order to avoid potential conflicts
2026-06-09T14:15:54.582+07:00  INFO 40148 --- [ticketbox-backend] [           main] o.hibernate.jpa.internal.util.LogHelper  : HHH000204: Processing PersistenceUnitInfo [name: default]
2026-06-09T14:15:54.644+07:00  INFO 40148 --- [ticketbox-backend] [           main] org.hibernate.Version                    : HHH000412: Hibernate ORM core version 6.4.4.Final
2026-06-09T14:15:54.692+07:00  INFO 40148 --- [ticketbox-backend] [           main] o.h.c.internal.RegionFactoryInitiator    : HHH000026: Second-level cache disabled
2026-06-09T14:15:54.947+07:00  INFO 40148 --- [ticketbox-backend] [           main] o.s.o.j.p.SpringPersistenceUnitInfo      : No LoadTimeWeaver setup: ignoring JPA class transformer
2026-06-09T14:15:54.978+07:00  INFO 40148 --- [ticketbox-backend] [           main] com.zaxxer.hikari.HikariDataSource       : HikariPool-1 - Starting...
2026-06-09T14:15:55.176+07:00  INFO 40148 --- [ticketbox-backend] [           main] com.zaxxer.hikari.pool.HikariPool        : HikariPool-1 - Added connection org.postgresql.jdbc.PgConnection@57fc6759
2026-06-09T14:15:55.178+07:00  INFO 40148 --- [ticketbox-backend] [           main] com.zaxxer.hikari.HikariDataSource       : HikariPool-1 - Start completed.
2026-06-09T14:15:55.214+07:00  WARN 40148 --- [ticketbox-backend] [           main] org.hibernate.orm.deprecation            : HHH90000025: PostgreSQLDialect does not need to be specified explicitly using 'hibernate.dialect' (remove the property setting and it will be selected by default)
2026-06-09T14:15:57.302+07:00  INFO 40148 --- [ticketbox-backend] [           main] o.h.e.t.j.p.i.JtaPlatformInitiator       : HHH000489: No JTA platform available (set 'hibernate.transaction.jta.platform' to enable JTA platform integration)
2026-06-09T14:15:57.759+07:00  INFO 40148 --- [ticketbox-backend] [           main] j.LocalContainerEntityManagerFactoryBean : Initialized JPA EntityManagerFactory for persistence unit 'default'
2026-06-09T14:16:00.439+07:00  INFO 40148 --- [ticketbox-backend] [           main] o.s.d.j.r.query.QueryEnhancerFactory     : Hibernate is in classpath; If applicable, HQL parser will be used.
2026-06-09T14:16:04.546+07:00  WARN 40148 --- [ticketbox-backend] [           main] JpaBaseConfiguration$JpaWebConfiguration : spring.jpa.open-in-view is enabled by default. Therefore, database queries may be performed during view rendering. Explicitly configure spring.jpa.open-in-view to disable this warning
2026-06-09T14:16:05.458+07:00  INFO 40148 --- [ticketbox-backend] [           main] o.s.b.a.e.web.EndpointLinksResolver      : Exposing 1 endpoint(s) beneath base path '/actuator'
2026-06-09T14:16:05.789+07:00  INFO 40148 --- [ticketbox-backend] [           main] o.s.s.web.DefaultSecurityFilterChain     : Will secure any request with [org.springframework.security.web.session.DisableEncodeUrlFilter@5dfeb2e3, org.springframework.security.web.context.request.async.WebAsyncManagerIntegrationFilter@54a0f09d, org.springframework.security.web.context.SecurityContextHolderFilter@31f8fc83, org.springframework.security.web.header.HeaderWriterFilter@10ecd658, org.springframework.web.filter.CorsFilter@2700b0d9, org.springframework.security.web.authentication.logout.LogoutFilter@48895b1d, com.ticketbox.backend.security.JwtAuthenticationFilter@5b1dd206, com.ticketbox.backend.security.ratelimit.RateLimitFilter@3094111c, org.springframework.security.web.savedrequest.RequestCacheAwareFilter@7d314e63, org.springframework.security.web.servletapi.SecurityContextHolderAwareRequestFilter@695d66ce, org.springframework.security.web.authentication.AnonymousAuthenticationFilter@1ee11117, org.springframework.security.web.session.SessionManagementFilter@60330fc6, org.springframework.security.web.access.ExceptionTranslationFilter@6acb0d0d, org.springframework.security.web.access.intercept.AuthorizationFilter@69d41156]
2026-06-09T14:16:07.757+07:00  INFO 40148 --- [ticketbox-backend] [           main] o.s.b.w.embedded.tomcat.TomcatWebServer  : Tomcat started on port 8080 (http) with context path ''
2026-06-09T14:16:07.762+07:00  INFO 40148 --- [ticketbox-backend] [           main] o.s.a.r.c.CachingConnectionFactory       : Attempting to connect to: [localhost:5672]
2026-06-09T14:16:07.845+07:00  INFO 40148 --- [ticketbox-backend] [           main] o.s.a.r.c.CachingConnectionFactory       : Created new connection: rabbitConnectionFactory#4feb7abb:0/SimpleConnection@703730f [delegate=amqp://ticketbox@127.0.0.1:5672/, localPort=42058]
2026-06-09T14:16:08.046+07:00  INFO 40148 --- [ticketbox-backend] [           main] com.ticketbox.backend.Application        : Started Application in 20.511 seconds (process running for 21.349)
2026-06-09T14:16:14.932+07:00  INFO 40148 --- [ticketbox-backend] [nio-8080-exec-1] o.a.c.c.C.[Tomcat].[localhost].[/]       : Initializing Spring DispatcherServlet 'dispatcherServlet'
2026-06-09T14:16:14.933+07:00  INFO 40148 --- [ticketbox-backend] [nio-8080-exec-1] o.s.web.servlet.DispatcherServlet        : Initializing Servlet 'dispatcherServlet'
2026-06-09T14:16:14.938+07:00  INFO 40148 --- [ticketbox-backend] [nio-8080-exec-1] o.s.web.servlet.DispatcherServlet        : Completed initialization in 4 ms
Hibernate: 
    select
        u1_0.id,
        u1_0.email,
        u1_0.password,
        u1_0.role,
        u1_0.username 
    from
        users u1_0 
    where
        u1_0.username=?
Hibernate: 
    select
        u1_0.id 
    from
        users u1_0 
    where
        u1_0.email=? 
    fetch
        first ? rows only
Hibernate: 
    select
        u1_0.id,
        u1_0.email,
        u1_0.password,
        u1_0.role,
        u1_0.username 
    from
        users u1_0 
    where
        u1_0.username=?
2026-06-09T14:16:15.994+07:00  WARN 40148 --- [ticketbox-backend] [nio-8080-exec-2] c.t.b.exception.GlobalExceptionHandler   : Authentication failed: Bad credentials
2026-06-09T14:17:50.406+07:00  INFO 40148 --- [ticketbox-backend] [ntContainer#0-2] o.s.a.r.l.SimpleMessageListenerContainer : Waiting for workers to finish.
2026-06-09T14:17:50.411+07:00  INFO 40148 --- [ticketbox-backend] [ntContainer#1-4] o.s.a.r.l.SimpleMessageListenerContainer : Waiting for workers to finish.
2026-06-09T14:17:50.415+07:00  INFO 40148 --- [ticketbox-backend] [ntContainer#2-4] o.s.a.r.l.SimpleMessageListenerContainer : Waiting for workers to finish.
2026-06-09T14:17:50.983+07:00  INFO 40148 --- [ticketbox-backend] [ntContainer#0-2] o.s.a.r.l.SimpleMessageListenerContainer : Successfully waited for workers to finish.
2026-06-09T14:17:51.025+07:00  INFO 40148 --- [ticketbox-backend] [ntContainer#1-4] o.s.a.r.l.SimpleMessageListenerContainer : Successfully waited for workers to finish.
2026-06-09T14:17:51.035+07:00  INFO 40148 --- [ticketbox-backend] [ntContainer#2-4] o.s.a.r.l.SimpleMessageListenerContainer : Successfully waited for workers to finish.
2026-06-09T14:17:51.078+07:00  INFO 40148 --- [ticketbox-backend] [ionShutdownHook] j.LocalContainerEntityManagerFactoryBean : Closing JPA EntityManagerFactory for persistence unit 'default'
2026-06-09T14:17:51.080+07:00  INFO 40148 --- [ticketbox-backend] [ionShutdownHook] com.zaxxer.hikari.HikariDataSource       : HikariPool-1 - Shutdown initiated...
2026-06-09T14:17:51.085+07:00  INFO 40148 --- [ticketbox-backend] [ionShutdownHook] com.zaxxer.hikari.HikariDataSource       : HikariPool-1 - Shutdown completed.
[INFO] ------------------------------------------------------------------------
[INFO] BUILD FAILURE
[INFO] ------------------------------------------------------------------------
[INFO] Total time:  02:23 min
[INFO] Finished at: 2026-06-09T14:17:51+07:00
[INFO] ------------------------------------------------------------------------
[ERROR] Failed to execute goal org.springframework.boot:spring-boot-maven-plugin:3.2.4:run (default-cli) on project backend: Process terminated with exit code: 143 -> [Help 1]
[ERROR] 
[ERROR] To see the full stack trace of the errors, re-run Maven with the -e switch.
[ERROR] Re-run Maven using the -X switch to enable full debug logging.
[ERROR] 
[ERROR] For more information about the errors and possible solutions, please read the following articles:
[ERROR] [Help 1] http://cwiki.apache.org/confluence/display/MAVEN/MojoExecutionException
